rows 30
cols 51
players 2
island $ 0
island $ 0
island $ 0
island $ 0
island $ 0
zone radius -3 2 40
zone radius -3 -3 40

m ...................................................
m ...................................................
m ...................................................
m ...................................................
m .........................$.........................
m ...................................................
m ...................................................
m ...................................................
m ...................................................
m ........$.................................$........
m ...................................................
m ...................................................
m ...................................................
m ...................................................
m ...................................................
m ...................................................
m ...................................................
m ...................................................
m ...................................................
m ...................................................
m ...................................................
m ...................................................
m ...................................................
m ...................................................
m a.............$.....................$.............b
m .a...............................................b.
m ..a.............................................b..
m ...a...........................................b...
m ....a.........................................b....
m .....a.......................................b.....
