rows 39
cols 47
players 2
island $ 0
island $ 0
island $ 0
island $ 0
island $ 0
zone rect -5 5 -1 21
zone rect 0 -22 4 -6

m ...............................................
m .............................b.b.b.b.b.........
m ...............................................
m ...............................................
m ...............................................
m ...............................................
m ....$..........................................
m ...............................................
m ...............................................
m ...............................................
m ...............................................
m ...............................................
m .......................................$.......
m ...............................................
m ...............................................
m ...............................................
m ...............................................
m ...............................................
m ...............................................
m .......................$.......................
m ...............................................
m ...............................................
m ...............................................
m ...............................................
m ...............................................
m ...............................................
m ...............................................
m .......$.......................................
m ...............................................
m ...............................................
m ...............................................
m ...............................................
m ..........................................$....
m ...............................................
m ...............................................
m ...............................................
m ...............................................
m .........a.a.a.a.a.............................
m ...............................................