rows 30
cols 51
players 2
# the last param is the total number of turns it takes to capture and the one before that is the number of islands an island is worth. default is 1 20
island $ 0
island $ 0
island $ 0
island $ 0
island $ 0
zone radius -3 2 40
zone radius -3 -3 40

m ...................................................
m ...................................................
m ...................................................
m ...................................................
m .........................$.........................
m ...................................................
m ...................................................
m ...................................................
m ...................................................
m ........$.................................$........
m ...................................................
m ...................................................
m ...................................................
m ...................................................
m ...................................................
m ...................................................
m ...................................................
m ...................................................
m ...................................................
m ...................................................
m ...................................................
m ...................................................
m ...................................................
m ...................................................
m ..............$.....................$..............
m .a...............................................b.
m ..a.............................................b..
m ...a...........................................b...
m ....a.........................................b....
m .....a.......................................b.....
